// Jest Snapshot v1, https://goo.gl/fbAQLP

exports[`QueenItem component renders QueenItem 1`] = `
<DocumentFragment>
  <figure>
    <img
      alt="Trixie"
      src="test.png"
      width="200"
    />
    <figcaption>
      Trixie
    </figcaption>
  </figure>
</DocumentFragment>
`;
